version: 2
models: []
seeds: []
snapshots: []
analyses: []
